> Task :app:preBuild UP-TO-DATE
> Task :app:preDebugBuild UP-TO-DATE
> Task :app:generateDebugResources UP-TO-DATE
> Task :app:packageDebugResources UP-TO-DATE
> Task :app:processDebugNavigationResources UP-TO-DATE
> Task :app:parseDebugLocalResources UP-TO-DATE
> Task :app:generateDebugRFile UP-TO-DATE

> Task :app:compileDebugKotlin FAILED
./gradlew : e: file:///C:/Users/Jeeva%20K/AndroidStudioProjects/app2/app/src/main/java/com/example/acousafe2/ui/setting
s/SettingsScreen.kt:460:14 Expression 'weight' of type 'Float' cannot be invoked as a function. Function 'invoke()' is 
not found.
At line:1 char:1
+ ./gradlew :app:compileDebugKotlin > build_output.txt 2>&1
+ ~~~~~~~~~~~~~~~~~~~~~~~~~~~~~~~~~~~~~~~~~~~~~~~~~~~~~~~~~
    + CategoryInfo          : NotSpecified: (e: file:///C:/U...' is not found.:String) [], RemoteException
    + FullyQualifiedErrorId : NativeCommandError
 
e: file:///C:/Users/Jeeva%20K/AndroidStudioProjects/app2/app/src/main/java/com/example/acousafe2/ui/settings/SettingsSc
reen.kt:471:63 'fun rememberRipple(bounded: Boolean = ..., radius: Dp = ..., color: Color = ...): Indication' is 
deprecated. rememberRipple has been deprecated - it returns an old Indication implementation that is not compatible 
with the new Indication APIs that provide notable performance improvements. Instead, use the new ripple APIs provided 
by design system libraries, such as material and material3. If you are implementing your own design system library, 
use createRippleNode to create your own custom ripple implementation that queries your own theme values. For a 
migration guide and background information, please visit developer.android.com.

FAILURE: Build failed with an exception.

* What went wrong:
Execution failed for task ':app:compileDebugKotlin'.
> A failure occurred while executing 
org.jetbrains.kotlin.compilerRunner.GradleCompilerRunnerWithWorkers$GradleKotlinCompilerWorkAction
   > Compilation error. See log for more details

* Try:
> Run with --stacktrace option to get the stack trace.
> Run with --info or --debug option to get more log output.
> Run with --scan to generate a Build Scan (Powered by Develocity).
> Get more help at https://help.gradle.org.

BUILD FAILED in 5s
6 actionable tasks: 1 executed, 5 up-to-date
